2026-03-03 20:28:47 [] INFO  - Starting WebappApplication using Java 21.0.10 with PID 27728 (C:\Users\Дима\Downloads\webappII\webapp\target\classes started by Дима in C:\Users\Дима\Downloads\webappII)
2026-03-03 20:28:47 [] DEBUG - Running with Spring Boot v4.0.0, Spring v7.0.1
2026-03-03 20:28:47 [] INFO  - No active profile set, falling back to 1 default profile: "default"
2026-03-03 20:28:47 [] INFO  - Devtools property defaults active! Set 'spring.devtools.add-properties' to 'false' to disable
2026-03-03 20:28:47 [] INFO  - For additional web related logging consider setting the 'logging.level.web' property to 'DEBUG'
2026-03-03 20:28:48 [] INFO  - Bootstrapping Spring Data JPA repositories in DEFAULT mode.
2026-03-03 20:28:48 [] INFO  - Finished Spring Data repository scanning in 56 ms. Found 3 JPA repository interfaces.
2026-03-03 20:28:48 [] INFO  - Tomcat initialized with port 1024 (http)
2026-03-03 20:28:49 [] INFO  - Starting service [Tomcat]
2026-03-03 20:28:49 [] INFO  - Starting Servlet engine: [Apache Tomcat/11.0.14]
2026-03-03 20:28:49 [] INFO  - Root WebApplicationContext: initialization completed in 1583 ms
2026-03-03 20:28:49 [] INFO  - HHH000204: Processing PersistenceUnitInfo [name: default]
2026-03-03 20:28:49 [] INFO  - HHH000412: Hibernate ORM core version 7.1.8.Final
2026-03-03 20:28:49 [] INFO  - No LoadTimeWeaver setup: ignoring JPA class transformer
2026-03-03 20:28:49 [] INFO  - HikariPool-1 - Starting...
2026-03-03 20:28:49 [] INFO  - HikariPool-1 - Added connection org.postgresql.jdbc.PgConnection@6ccc689a
2026-03-03 20:28:49 [] INFO  - HikariPool-1 - Start completed.
2026-03-03 20:28:49 [] WARN  - HHH90000025: PostgreSQLDialect does not need to be specified explicitly using 'hibernate.dialect' (remove the property setting and it will be selected by default)
2026-03-03 20:28:50 [] INFO  - HHH10001005: Database info:
	Database JDBC URL [jdbc:postgresql://localhost:1408/tasks]
	Database driver: PostgreSQL JDBC Driver
	Database dialect: PostgreSQLDialect
	Database version: 16.2
	Default catalog/schema: tasks/public
	Autocommit mode: undefined/unknown
	Isolation level: READ_COMMITTED [default READ_COMMITTED]
	JDBC fetch size: none
	Pool: DatasourceConnectionProviderImpl
	Minimum pool size: undefined/unknown
	Maximum pool size: undefined/unknown
2026-03-03 20:28:51 [] INFO  - HHH000489: No JTA platform available (set 'hibernate.transaction.jta.platform' to enable JTA platform integration)
2026-03-03 20:28:51 [] INFO  - Initialized JPA EntityManagerFactory for persistence unit 'default'
2026-03-03 20:28:51 [] INFO  - Hibernate is in classpath; If applicable, HQL parser will be used.
2026-03-03 20:28:51 [] WARN  - spring.jpa.open-in-view is enabled by default. Therefore, database queries may be performed during view rendering. Explicitly configure spring.jpa.open-in-view to disable this warning
2026-03-03 20:28:51 [] INFO  - Global AuthenticationManager configured with AuthenticationProvider bean with name authenticationProvider
2026-03-03 20:28:51 [] WARN  - Global AuthenticationManager configured with an AuthenticationProvider bean. UserDetailsService beans will not be used by Spring Security for automatically configuring username/password login. Consider removing the AuthenticationProvider bean. Alternatively, consider using the UserDetailsService in a manually instantiated DaoAuthenticationProvider. If the current configuration is intentional, to turn off this warning, increase the logging level of 'org.springframework.security.config.annotation.authentication.configuration.InitializeUserDetailsBeanManagerConfigurer' to ERROR
2026-03-03 20:28:52 [] INFO  - Tomcat started on port 1024 (http) with context path '/'
2026-03-03 20:28:52 [] INFO  - Started WebappApplication in 5.157 seconds (process running for 5.712)
2026-03-03 20:29:16 [] INFO  - Initializing Spring DispatcherServlet 'dispatcherServlet'
2026-03-03 20:29:16 [] INFO  - Initializing Servlet 'dispatcherServlet'
2026-03-03 20:29:16 [] INFO  - Completed initialization in 2 ms
2026-03-03 20:29:20 [] DEBUG - 
    select
        u1_0.id,
        u1_0.email,
        u1_0.first_name,
        u1_0.last_name,
        u1_0.password 
    from
        users u1_0 
    where
        u1_0.email=?
2026-03-03 20:29:20 [] DEBUG - 
    select
        r1_0.user_id,
        r1_1.id,
        r1_1.name 
    from
        user_roles r1_0 
    join
        roles r1_1 
            on r1_1.id=r1_0.role_id 
    where
        r1_0.user_id=?
2026-03-03 20:29:20 [] WARN  - [THYMELEAF][http-nio-1024-exec-8][home] Deprecated unwrapped fragment expression "blocks/header :: header" found in template home, line 16, col 9. Please use the complete syntax of fragment expressions instead ("~{blocks/header :: header}"). The old, unwrapped syntax for fragment expressions will be removed in future versions of Thymeleaf.
2026-03-03 20:29:20 [] WARN  - [THYMELEAF][http-nio-1024-exec-8][home] Deprecated unwrapped fragment expression "blocks/sidebar :: sidebar" found in template home, line 17, col 8. Please use the complete syntax of fragment expressions instead ("~{blocks/sidebar :: sidebar}"). The old, unwrapped syntax for fragment expressions will be removed in future versions of Thymeleaf.
2026-03-03 20:29:55 [] INFO  - Commencing graceful shutdown. Waiting for active requests to complete
2026-03-03 20:29:55 [] INFO  - Graceful shutdown complete
2026-03-03 20:29:55 [] INFO  - Closing JPA EntityManagerFactory for persistence unit 'default'
2026-03-03 20:29:55 [] INFO  - HikariPool-1 - Shutdown initiated...
2026-03-03 20:29:55 [] INFO  - HikariPool-1 - Shutdown completed.
